nohup: ignoring input
Loading RF model...
rf_load: cpu forest imported
RF model imported
Starting RF benchmarks...
RF benchmark: 1000 rows
Benchmark backend: warmup=1 repeats=1 samples=1000
Warmup 1/1
Warmup complete
Creating metrics
Metrics created
Starting metrics
Starting timer
Prediction 1/1
All predictions complete
Metrics stopped
Benchmark backend: warmup=1 repeats=1 samples=1000
Warmup 1/1
Warmup complete
Creating metrics
Metrics created
Starting metrics
Starting timer
Prediction 1/1
All predictions complete
Metrics stopped
Benchmark backend: warmup=1 repeats=1 samples=1000
Warmup 1/1
Warmup complete
Creating metrics
Metrics created
Starting metrics
Starting timer
Prediction 1/1
All predictions complete
Metrics stopped
RF benchmark complete: 1000 rows
RF benchmark: 10000 rows
Benchmark backend: warmup=1 repeats=1 samples=10000
Warmup 1/1
Warmup complete
Creating metrics
Metrics created
Starting metrics
Starting timer
Prediction 1/1
All predictions complete
Metrics stopped
Benchmark backend: warmup=1 repeats=1 samples=10000
Warmup 1/1
Warmup complete
Creating metrics
Metrics created
Starting metrics
Starting timer
Prediction 1/1
All predictions complete
Metrics stopped
Benchmark backend: warmup=1 repeats=1 samples=10000
Warmup 1/1
Warmup complete
Creating metrics
Metrics created
Starting metrics
Starting timer
Prediction 1/1
All predictions complete
Metrics stopped
RF benchmark complete: 10000 rows
RF benchmark: 30000 rows
Benchmark backend: warmup=1 repeats=1 samples=30000
Warmup 1/1
Warmup complete
Creating metrics
Metrics created
Starting metrics
Starting timer
Prediction 1/1
All predictions complete
Metrics stopped
Benchmark backend: warmup=1 repeats=1 samples=30000
Warmup 1/1
Warmup complete
Creating metrics
Metrics created
Starting metrics
Starting timer
Prediction 1/1
All predictions complete
Metrics stopped
Benchmark backend: warmup=1 repeats=1 samples=30000
Warmup 1/1
Warmup complete
Creating metrics
Metrics created
Starting metrics
Starting timer
Prediction 1/1
All predictions complete
Metrics stopped
RF benchmark complete: 30000 rows
RF benchmark: 50000 rows
Benchmark backend: warmup=1 repeats=1 samples=50000
Warmup 1/1
Warmup complete
Creating metrics
Metrics created
Starting metrics
Starting timer
Prediction 1/1
All predictions complete
Metrics stopped
Benchmark backend: warmup=1 repeats=1 samples=50000
Warmup 1/1
Warmup complete
Creating metrics
Metrics created
Starting metrics
Starting timer
Prediction 1/1
All predictions complete
Metrics stopped
Benchmark backend: warmup=1 repeats=1 samples=50000
Warmup 1/1
Warmup complete
Creating metrics
Metrics created
Starting metrics
Starting timer
Prediction 1/1
All predictions complete
Metrics stopped
RF benchmark complete: 50000 rows
RF benchmark: 70000 rows
Benchmark backend: warmup=1 repeats=1 samples=70000
Warmup 1/1
Warmup complete
Creating metrics
Metrics created
Starting metrics
Starting timer
Prediction 1/1
All predictions complete
Metrics stopped
Benchmark backend: warmup=1 repeats=1 samples=70000
Warmup 1/1
Warmup complete
Creating metrics
Metrics created
Starting metrics
Starting timer
Prediction 1/1
All predictions complete
Metrics stopped
Benchmark backend: warmup=1 repeats=1 samples=70000
Warmup 1/1
Warmup complete
Creating metrics
Metrics created
Starting metrics
Starting timer
Prediction 1/1
All predictions complete
Metrics stopped
RF benchmark complete: 70000 rows
All RF benchmarks complete
Starting KNN training...
KNN training complete
KNN benchmark: 1000 rows
Benchmark backend: warmup=1 repeats=1 samples=1000
Warmup 1/1
Warmup complete
Creating metrics
Metrics created
Starting metrics
Starting timer
Prediction 1/1
All predictions complete
Metrics stopped
Benchmark backend: warmup=1 repeats=1 samples=1000
Warmup 1/1
Warmup complete
Creating metrics
Metrics created
Starting metrics
Starting timer
Prediction 1/1
All predictions complete
Metrics stopped
Benchmark backend: warmup=1 repeats=1 samples=1000
Warmup 1/1
Warmup complete
Creating metrics
Metrics created
Starting metrics
Starting timer
Prediction 1/1
All predictions complete
Metrics stopped
KNN benchmark complete: 1000 rows
KNN benchmark: 10000 rows
Benchmark backend: warmup=1 repeats=1 samples=10000
Warmup 1/1
Warmup complete
Creating metrics
Metrics created
Starting metrics
Starting timer
Prediction 1/1
All predictions complete
Metrics stopped
Benchmark backend: warmup=1 repeats=1 samples=10000
Warmup 1/1
Warmup complete
Creating metrics
Metrics created
Starting metrics
Starting timer
Prediction 1/1
All predictions complete
Metrics stopped
Benchmark backend: warmup=1 repeats=1 samples=10000
Warmup 1/1
Warmup complete
Creating metrics
Metrics created
Starting metrics
Starting timer
Prediction 1/1
All predictions complete
Metrics stopped
KNN benchmark complete: 10000 rows
KNN benchmark: 30000 rows
Benchmark backend: warmup=1 repeats=1 samples=30000
Warmup 1/1
Warmup complete
Creating metrics
Metrics created
Starting metrics
Starting timer
Prediction 1/1
All predictions complete
Metrics stopped
Benchmark backend: warmup=1 repeats=1 samples=30000
Warmup 1/1
Warmup complete
Creating metrics
Metrics created
Starting metrics
Starting timer
Prediction 1/1
All predictions complete
Metrics stopped
Benchmark backend: warmup=1 repeats=1 samples=30000
Warmup 1/1
Warmup complete
Creating metrics
Metrics created
Starting metrics
Starting timer
Prediction 1/1
All predictions complete
Metrics stopped
KNN benchmark complete: 30000 rows
KNN benchmark: 50000 rows
Benchmark backend: warmup=1 repeats=1 samples=50000
Warmup 1/1
Warmup complete
Creating metrics
Metrics created
Starting metrics
Starting timer
Prediction 1/1
All predictions complete
Metrics stopped
Benchmark backend: warmup=1 repeats=1 samples=50000
Warmup 1/1
Warmup complete
Creating metrics
Metrics created
Starting metrics
Starting timer
Prediction 1/1
All predictions complete
Metrics stopped
Benchmark backend: warmup=1 repeats=1 samples=50000
Warmup 1/1
Warmup complete
Creating metrics
Metrics created
Starting metrics
Starting timer
Prediction 1/1
All predictions complete
Metrics stopped
KNN benchmark complete: 50000 rows
KNN benchmark: 70000 rows
Benchmark backend: warmup=1 repeats=1 samples=70000
Warmup 1/1
Warmup complete
Creating metrics
Metrics created
Starting metrics
Starting timer
Prediction 1/1
All predictions complete
Metrics stopped
Benchmark backend: warmup=1 repeats=1 samples=70000
Warmup 1/1
Warmup complete
Creating metrics
Metrics created
Starting metrics
Starting timer
Prediction 1/1
All predictions complete
Metrics stopped
Benchmark backend: warmup=1 repeats=1 samples=70000
Warmup 1/1
Warmup complete
Creating metrics
Metrics created
Starting metrics
Starting timer
Prediction 1/1
signal: killed
